Component: Arm Compiler for Embedded 6.23 Tool: armlink [5f102400]

==============================================================================

Section Cross References

    main.o(MYDATA) refers (Special) to pump.o(MyCode) for TURN_OFF_PUMP
    main.o(MYDATA) refers (Special) to motors.o(MyCode) for delay_1_second
    main.o(MA3LENA) refers (Special) to pump.o(MyCode) for TURN_OFF_PUMP
    main.o(MA3LENA) refers (Special) to motors.o(MyCode) for delay_1_second
    main.o(MA3LENA) refers to init.o(MyCode) for GPIOA_INIT
    main.o(MA3LENA) refers to pwm.o(MyCode) for SET_PWM
    main.o(MA3LENA) refers to tft_spi.o(MyCode) for SETUP3
    main.o(MA3LENA) refers to faces.o(MyCode) for Smiley_face
    main.o(MA3LENA) refers to bluetooth module.o(MyCode) for Bluetooth_ReceiveLoop
    bluetooth module.o(MyCode) refers to motors.o(MyCode) for STOP_CAR
    bluetooth module.o(MyCode) refers to pwm.o(MyCode) for SET_PWM
    startup_stm32f10x_md.o(STACK) refers (Special) to heapauxi.o(.text) for __use_two_region_memory
    startup_stm32f10x_md.o(HEAP) refers (Special) to heapauxi.o(.text) for __use_two_region_memory
    startup_stm32f10x_md.o(RESET) refers (Special) to heapauxi.o(.text) for __use_two_region_memory
    startup_stm32f10x_md.o(RESET) refers to startup_stm32f10x_md.o(STACK) for __initial_sp
    startup_stm32f10x_md.o(RESET) refers to startup_stm32f10x_md.o(.text) for Reset_Handler
    startup_stm32f10x_md.o(.text) refers (Special) to heapauxi.o(.text) for __use_two_region_memory
    startup_stm32f10x_md.o(.text) refers to system_stm32f10x.o(.text.SystemInit) for SystemInit
    startup_stm32f10x_md.o(.text) refers to main.o(MA3LENA) for __main
    startup_stm32f10x_md.o(.text) refers to startup_stm32f10x_md.o(HEAP) for Heap_Mem
    startup_stm32f10x_md.o(.text) refers to startup_stm32f10x_md.o(STACK) for Stack_Mem
    system_stm32f10x.o(.text.SystemInit) refers to system_stm32f10x.o(.text.SetSysClock) for SetSysClock
    system_stm32f10x.o(.ARM.exidx.text.SystemInit) refers to system_stm32f10x.o(.text.SystemInit) for [Anonymous Symbol]
    system_stm32f10x.o(.text.SetSysClock) refers to system_stm32f10x.o(.text.SetSysClockTo72) for SetSysClockTo72
    system_stm32f10x.o(.ARM.exidx.text.SetSysClock) refers to system_stm32f10x.o(.text.SetSysClock) for [Anonymous Symbol]
    system_stm32f10x.o(.text.SystemCoreClockUpdate) refers to system_stm32f10x.o(.data.SystemCoreClock) for SystemCoreClock
    system_stm32f10x.o(.text.SystemCoreClockUpdate) refers to system_stm32f10x.o(.rodata.AHBPrescTable) for AHBPrescTable
    system_stm32f10x.o(.ARM.exidx.text.SystemCoreClockUpdate) refers to system_stm32f10x.o(.text.SystemCoreClockUpdate) for [Anonymous Symbol]
    system_stm32f10x.o(.ARM.exidx.text.SetSysClockTo72) refers to system_stm32f10x.o(.text.SetSysClockTo72) for [Anonymous Symbol]


==============================================================================

Removing Unused input sections from the image.

    Removing main.o(MYDATA), (0 bytes).
    Removing motors.o(MYDAT), (0 bytes).
    Removing pump.o(MYDAT), (0 bytes).
    Removing bluetooth module.o(MYDAT), (0 bytes).
    Removing init.o(MYDAT), (0 bytes).
    Removing pwm.o(MYDAT), (0 bytes).
    Removing adc.o(MyData), (0 bytes).
    Removing adc.o(MyCode), (752 bytes).
    Removing faces.o(MyData), (0 bytes).
    Removing macros_utilities.o(MyData), (0 bytes).
    Removing macros_utilities.o(MyCode), (264 bytes).
    Removing spi.o(MyData), (0 bytes).
    Removing spi.o(MyCode), (524 bytes).
    Removing tft_spi.o(MyData), (0 bytes).
    Removing system_stm32f10x.o(.text), (0 bytes).
    Removing system_stm32f10x.o(.ARM.exidx.text.SystemInit), (8 bytes).
    Removing system_stm32f10x.o(.ARM.exidx.text.SetSysClock), (8 bytes).
    Removing system_stm32f10x.o(.text.SystemCoreClockUpdate), (290 bytes).
    Removing system_stm32f10x.o(.ARM.exidx.text.SystemCoreClockUpdate), (8 bytes).
    Removing system_stm32f10x.o(.ARM.exidx.text.SetSysClockTo72), (8 bytes).
    Removing system_stm32f10x.o(.data.SystemCoreClock), (4 bytes).
    Removing system_stm32f10x.o(.rodata.AHBPrescTable), (16 bytes).

22 unused section(s) (total 1882 bytes) removed from the image.

==============================================================================

Image Symbol Table

    Local Symbols

    Symbol Name                              Value     Ov Type        Size  Object(Section)

    ../clib/heapaux.c                        0x00000000   Number         0  heapauxi.o ABSOLUTE
    Bluetooth Module.s                       0x00000000   Number         0  bluetooth module.o ABSOLUTE
    D:/CMPS201_SmartClock_Project/CMPS201_SmartClock_Project/CMPS201_SmartClock_Project/ADC.s 0x00000000   Number         0  adc.o ABSOLUTE
    D:/CMPS201_SmartClock_Project/CMPS201_SmartClock_Project/CMPS201_SmartClock_Project/Faces.s 0x00000000   Number         0  faces.o ABSOLUTE
    D:/CMPS201_SmartClock_Project/CMPS201_SmartClock_Project/CMPS201_SmartClock_Project/Macros_Utilities.s 0x00000000   Number         0  macros_utilities.o ABSOLUTE
    D:/CMPS201_SmartClock_Project/CMPS201_SmartClock_Project/CMPS201_SmartClock_Project/SPI.s 0x00000000   Number         0  spi.o ABSOLUTE
    D:/CMPS201_SmartClock_Project/CMPS201_SmartClock_Project/CMPS201_SmartClock_Project/tft_spi.s 0x00000000   Number         0  tft_spi.o ABSOLUTE
    INIT.s                                   0x00000000   Number         0  init.o ABSOLUTE
    Main.s                                   0x00000000   Number         0  main.o ABSOLUTE
    Motors.s                                 0x00000000   Number         0  motors.o ABSOLUTE
    Pump.s                                   0x00000000   Number         0  pump.o ABSOLUTE
    Pwm.s                                    0x00000000   Number         0  pwm.o ABSOLUTE
    RTE/Device/STM32F103C8/startup_stm32f10x_md.s 0x00000000   Number         0  startup_stm32f10x_md.o ABSOLUTE
    dc.s                                     0x00000000   Number         0  dc.o ABSOLUTE
    system_stm32f10x.c                       0x00000000   Number         0  system_stm32f10x.o ABSOLUTE
    RESET                                    0x08000000   Section      236  startup_stm32f10x_md.o(RESET)
    .text                                    0x080000ec   Section       64  startup_stm32f10x_md.o(.text)
    .text                                    0x0800012c   Section        0  heapauxi.o(.text)
    SetSysClock                              0x08000135   Thumb Code     8  system_stm32f10x.o(.text.SetSysClock)
    [Anonymous Symbol]                       0x08000134   Section        0  system_stm32f10x.o(.text.SetSysClock)
    SetSysClockTo72                          0x0800013d   Thumb Code   290  system_stm32f10x.o(.text.SetSysClockTo72)
    [Anonymous Symbol]                       0x0800013c   Section        0  system_stm32f10x.o(.text.SetSysClockTo72)
    [Anonymous Symbol]                       0x08000260   Section        0  system_stm32f10x.o(.text.SystemInit)
    MA3LENA                                  0x080002c8   Section      376  main.o(MA3LENA)
    MyCode                                   0x08000440   Section      172  motors.o(MyCode)
    MyCode                                   0x080004ec   Section       48  pump.o(MyCode)
    MyCode                                   0x0800051c   Section      152  bluetooth module.o(MyCode)
    MyCode                                   0x080005b4   Section      568  init.o(MyCode)
    MyCode                                   0x080007ec   Section       28  pwm.o(MyCode)
    MyCode                                   0x08000808   Section     3400  faces.o(MyCode)
    waitFlagSets                             0x0800082f   Thumb Code    22  faces.o(MyCode)
    waitFlagClears                           0x08000845   Thumb Code    22  faces.o(MyCode)
    setBit                                   0x0800087f   Thumb Code    24  faces.o(MyCode)
    setMultiBits                             0x08000897   Thumb Code    20  faces.o(MyCode)
    clearBit                                 0x080008ab   Thumb Code    28  faces.o(MyCode)
    clearMultiBits                           0x080008c7   Thumb Code    24  faces.o(MyCode)
    number_branch_table                      0x08000f10   Data           0  faces.o(MyCode)
    Number0                                  0x08000f39   Thumb Code     0  faces.o(MyCode)
    Number1                                  0x08000f53   Thumb Code     0  faces.o(MyCode)
    Number2                                  0x08000f5d   Thumb Code     0  faces.o(MyCode)
    Number3                                  0x08000f73   Thumb Code     0  faces.o(MyCode)
    Number4                                  0x08000f89   Thumb Code     0  faces.o(MyCode)
    Number5                                  0x08000f9b   Thumb Code     0  faces.o(MyCode)
    Number6                                  0x08000fb1   Thumb Code     0  faces.o(MyCode)
    Number7                                  0x08000fcb   Thumb Code     0  faces.o(MyCode)
    Number8                                  0x08000fd9   Thumb Code     0  faces.o(MyCode)
    Number9                                  0x08000ff7   Thumb Code     0  faces.o(MyCode)
    letter_branch_table                      0x0800105c   Data           0  faces.o(MyCode)
    Letter_A                                 0x080010ad   Thumb Code     0  faces.o(MyCode)
    Letter_B                                 0x080010c7   Thumb Code     0  faces.o(MyCode)
    Letter_C                                 0x080010d1   Thumb Code     0  faces.o(MyCode)
    Letter_D                                 0x080010e3   Thumb Code     0  faces.o(MyCode)
    Letter_E                                 0x080010f9   Thumb Code     0  faces.o(MyCode)
    Letter_F                                 0x0800110f   Thumb Code     0  faces.o(MyCode)
    Letter_G                                 0x08001121   Thumb Code     0  faces.o(MyCode)
    Letter_H                                 0x08001137   Thumb Code     0  faces.o(MyCode)
    Letter_I                                 0x0800114d   Thumb Code     0  faces.o(MyCode)
    Letter_J                                 0x0800115f   Thumb Code     0  faces.o(MyCode)
    Letter_K                                 0x08001171   Thumb Code     0  faces.o(MyCode)
    Letter_L                                 0x0800118b   Thumb Code     0  faces.o(MyCode)
    Letter_M                                 0x08001199   Thumb Code     0  faces.o(MyCode)
    Letter_N                                 0x080011b7   Thumb Code     0  faces.o(MyCode)
    Letter_O                                 0x080011d5   Thumb Code     0  faces.o(MyCode)
    Letter_P                                 0x080011ef   Thumb Code     0  faces.o(MyCode)
    Letter_Q                                 0x08001205   Thumb Code     0  faces.o(MyCode)
    Letter_R                                 0x08001207   Thumb Code     0  faces.o(MyCode)
    Letter_S                                 0x08001209   Thumb Code     0  faces.o(MyCode)
    Letter_T                                 0x0800121f   Thumb Code     0  faces.o(MyCode)
    MyCode                                   0x08001550   Section     2608  tft_spi.o(MyCode)
    waitFlagSets                             0x08001577   Thumb Code    22  tft_spi.o(MyCode)
    waitFlagClears                           0x0800158d   Thumb Code    22  tft_spi.o(MyCode)
    setBit                                   0x080015c7   Thumb Code    24  tft_spi.o(MyCode)
    setMultiBits                             0x080015df   Thumb Code    20  tft_spi.o(MyCode)
    clearBit                                 0x080015f3   Thumb Code    28  tft_spi.o(MyCode)
    clearMultiBits                           0x0800160f   Thumb Code    24  tft_spi.o(MyCode)
    number_branch_table                      0x08001c58   Data           0  tft_spi.o(MyCode)
    Number0                                  0x08001c81   Thumb Code     0  tft_spi.o(MyCode)
    Number1                                  0x08001c9b   Thumb Code     0  tft_spi.o(MyCode)
    Number2                                  0x08001ca5   Thumb Code     0  tft_spi.o(MyCode)
    Number3                                  0x08001cbb   Thumb Code     0  tft_spi.o(MyCode)
    Number4                                  0x08001cd1   Thumb Code     0  tft_spi.o(MyCode)
    Number5                                  0x08001ce3   Thumb Code     0  tft_spi.o(MyCode)
    Number6                                  0x08001cf9   Thumb Code     0  tft_spi.o(MyCode)
    Number7                                  0x08001d13   Thumb Code     0  tft_spi.o(MyCode)
    Number8                                  0x08001d21   Thumb Code     0  tft_spi.o(MyCode)
    Number9                                  0x08001d3f   Thumb Code     0  tft_spi.o(MyCode)
    letter_branch_table                      0x08001da4   Data           0  tft_spi.o(MyCode)
    Letter_A                                 0x08001df5   Thumb Code     0  tft_spi.o(MyCode)
    Letter_B                                 0x08001e0f   Thumb Code     0  tft_spi.o(MyCode)
    Letter_C                                 0x08001e19   Thumb Code     0  tft_spi.o(MyCode)
    Letter_D                                 0x08001e2b   Thumb Code     0  tft_spi.o(MyCode)
    Letter_E                                 0x08001e41   Thumb Code     0  tft_spi.o(MyCode)
    Letter_F                                 0x08001e57   Thumb Code     0  tft_spi.o(MyCode)
    Letter_G                                 0x08001e69   Thumb Code     0  tft_spi.o(MyCode)
    Letter_H                                 0x08001e7f   Thumb Code     0  tft_spi.o(MyCode)
    Letter_I                                 0x08001e95   Thumb Code     0  tft_spi.o(MyCode)
    Letter_J                                 0x08001ea7   Thumb Code     0  tft_spi.o(MyCode)
    Letter_K                                 0x08001eb9   Thumb Code     0  tft_spi.o(MyCode)
    Letter_L                                 0x08001ed3   Thumb Code     0  tft_spi.o(MyCode)
    Letter_M                                 0x08001ee1   Thumb Code     0  tft_spi.o(MyCode)
    Letter_N                                 0x08001eff   Thumb Code     0  tft_spi.o(MyCode)
    Letter_O                                 0x08001f1d   Thumb Code     0  tft_spi.o(MyCode)
    Letter_P                                 0x08001f37   Thumb Code     0  tft_spi.o(MyCode)
    Letter_Q                                 0x08001f4d   Thumb Code     0  tft_spi.o(MyCode)
    Letter_R                                 0x08001f4f   Thumb Code     0  tft_spi.o(MyCode)
    Letter_S                                 0x08001f51   Thumb Code     0  tft_spi.o(MyCode)
    Letter_T                                 0x08001f67   Thumb Code     0  tft_spi.o(MyCode)
    Heap_Mem                                 0x20000000   Data         512  startup_stm32f10x_md.o(HEAP)
    HEAP                                     0x20000000   Section      512  startup_stm32f10x_md.o(HEAP)
    Stack_Mem                                0x20000200   Data        1024  startup_stm32f10x_md.o(STACK)
    STACK                                    0x20000200   Section     1024  startup_stm32f10x_md.o(STACK)
    __initial_sp                             0x20000600   Data           0  startup_stm32f10x_md.o(STACK)

    Global Symbols

    Symbol Name                              Value     Ov Type        Size  Object(Section)

    BuildAttributes$$THM_ISAv4$P$D$K$B$S$PE$A:L22UL41UL21$X:L11$S22US41US21$IEEE1$IW$~IW$USESV6$~STKCKD$USESV7$~SHL$OSPACE$ROPI$EBA8$STANDARDLIB$REQ8$EABIv2 0x00000000   Number         0  anon$$obj.o ABSOLUTE
    __Vectors_Size                           0x000000ec   Number         0  startup_stm32f10x_md.o ABSOLUTE
    __Vectors                                0x08000000   Data           4  startup_stm32f10x_md.o(RESET)
    Reset_Handler                            0x080000ed   Thumb Code     8  startup_stm32f10x_md.o(.text)
    __Vectors_End                            0x080000ec   Data           0  startup_stm32f10x_md.o(RESET)
    NMI_Handler                              0x080000f5   Thumb Code     2  startup_stm32f10x_md.o(.text)
    HardFault_Handler                        0x080000f7   Thumb Code     2  startup_stm32f10x_md.o(.text)
    MemManage_Handler                        0x080000f9   Thumb Code     2  startup_stm32f10x_md.o(.text)
    BusFault_Handler                         0x080000fb   Thumb Code     2  startup_stm32f10x_md.o(.text)
    UsageFault_Handler                       0x080000fd   Thumb Code     2  startup_stm32f10x_md.o(.text)
    SVC_Handler                              0x080000ff   Thumb Code     2  startup_stm32f10x_md.o(.text)
    DebugMon_Handler                         0x08000101   Thumb Code     2  startup_stm32f10x_md.o(.text)
    PendSV_Handler                           0x08000103   Thumb Code     2  startup_stm32f10x_md.o(.text)
    SysTick_Handler                          0x08000105   Thumb Code     2  startup_stm32f10x_md.o(.text)
    ADC1_2_IRQHandler                        0x08000107   Thumb Code     0  startup_stm32f10x_md.o(.text)
    CAN1_RX1_IRQHandler                      0x08000107   Thumb Code     0  startup_stm32f10x_md.o(.text)
    CAN1_SCE_IRQHandler                      0x08000107   Thumb Code     0  startup_stm32f10x_md.o(.text)
    DMA1_Channel1_IRQHandler                 0x08000107   Thumb Code     0  startup_stm32f10x_md.o(.text)
    DMA1_Channel2_IRQHandler                 0x08000107   Thumb Code     0  startup_stm32f10x_md.o(.text)
    DMA1_Channel3_IRQHandler                 0x08000107   Thumb Code     0  startup_stm32f10x_md.o(.text)
    DMA1_Channel4_IRQHandler                 0x08000107   Thumb Code     0  startup_stm32f10x_md.o(.text)
    DMA1_Channel5_IRQHandler                 0x08000107   Thumb Code     0  startup_stm32f10x_md.o(.text)
    DMA1_Channel6_IRQHandler                 0x08000107   Thumb Code     0  startup_stm32f10x_md.o(.text)
    DMA1_Channel7_IRQHandler                 0x08000107   Thumb Code     0  startup_stm32f10x_md.o(.text)
    EXTI0_IRQHandler                         0x08000107   Thumb Code     0  startup_stm32f10x_md.o(.text)
    EXTI15_10_IRQHandler                     0x08000107   Thumb Code     0  startup_stm32f10x_md.o(.text)
    EXTI1_IRQHandler                         0x08000107   Thumb Code     0  startup_stm32f10x_md.o(.text)
    EXTI2_IRQHandler                         0x08000107   Thumb Code     0  startup_stm32f10x_md.o(.text)
    EXTI3_IRQHandler                         0x08000107   Thumb Code     0  startup_stm32f10x_md.o(.text)
    EXTI4_IRQHandler                         0x08000107   Thumb Code     0  startup_stm32f10x_md.o(.text)
    EXTI9_5_IRQHandler                       0x08000107   Thumb Code     0  startup_stm32f10x_md.o(.text)
    FLASH_IRQHandler                         0x08000107   Thumb Code     0  startup_stm32f10x_md.o(.text)
    I2C1_ER_IRQHandler                       0x08000107   Thumb Code     0  startup_stm32f10x_md.o(.text)
    I2C1_EV_IRQHandler                       0x08000107   Thumb Code     0  startup_stm32f10x_md.o(.text)
    I2C2_ER_IRQHandler                       0x08000107   Thumb Code     0  startup_stm32f10x_md.o(.text)
    I2C2_EV_IRQHandler                       0x08000107   Thumb Code     0  startup_stm32f10x_md.o(.text)
    PVD_IRQHandler                           0x08000107   Thumb Code     0  startup_stm32f10x_md.o(.text)
    RCC_IRQHandler                           0x08000107   Thumb Code     0  startup_stm32f10x_md.o(.text)
    RTCAlarm_IRQHandler                      0x08000107   Thumb Code     0  startup_stm32f10x_md.o(.text)
    RTC_IRQHandler                           0x08000107   Thumb Code     0  startup_stm32f10x_md.o(.text)
    SPI1_IRQHandler                          0x08000107   Thumb Code     0  startup_stm32f10x_md.o(.text)
    SPI2_IRQHandler                          0x08000107   Thumb Code     0  startup_stm32f10x_md.o(.text)
    TAMPER_IRQHandler                        0x08000107   Thumb Code     0  startup_stm32f10x_md.o(.text)
    TIM1_BRK_IRQHandler                      0x08000107   Thumb Code     0  startup_stm32f10x_md.o(.text)
    TIM1_CC_IRQHandler                       0x08000107   Thumb Code     0  startup_stm32f10x_md.o(.text)
    TIM1_TRG_COM_IRQHandler                  0x08000107   Thumb Code     0  startup_stm32f10x_md.o(.text)
    TIM1_UP_IRQHandler                       0x08000107   Thumb Code     0  startup_stm32f10x_md.o(.text)
    TIM2_IRQHandler                          0x08000107   Thumb Code     0  startup_stm32f10x_md.o(.text)
    TIM3_IRQHandler                          0x08000107   Thumb Code     0  startup_stm32f10x_md.o(.text)
    TIM4_IRQHandler                          0x08000107   Thumb Code     0  startup_stm32f10x_md.o(.text)
    USART1_IRQHandler                        0x08000107   Thumb Code     0  startup_stm32f10x_md.o(.text)
    USART2_IRQHandler                        0x08000107   Thumb Code     0  startup_stm32f10x_md.o(.text)
    USART3_IRQHandler                        0x08000107   Thumb Code     0  startup_stm32f10x_md.o(.text)
    USBWakeUp_IRQHandler                     0x08000107   Thumb Code     0  startup_stm32f10x_md.o(.text)
    USB_HP_CAN1_TX_IRQHandler                0x08000107   Thumb Code     0  startup_stm32f10x_md.o(.text)
    USB_LP_CAN1_RX0_IRQHandler               0x08000107   Thumb Code     0  startup_stm32f10x_md.o(.text)
    WWDG_IRQHandler                          0x08000107   Thumb Code     0  startup_stm32f10x_md.o(.text)
    __user_initial_stackheap                 0x08000109   Thumb Code     0  startup_stm32f10x_md.o(.text)
    __use_two_region_memory                  0x0800012d   Thumb Code     2  heapauxi.o(.text)
    __rt_heap_escrow$2region                 0x0800012f   Thumb Code     2  heapauxi.o(.text)
    __rt_heap_expand$2region                 0x08000131   Thumb Code     2  heapauxi.o(.text)
    SystemInit                               0x08000261   Thumb Code   102  system_stm32f10x.o(.text.SystemInit)
    __main                                   0x080002c9   Thumb Code   362  main.o(MA3LENA)
    MOVE_FORWARD                             0x08000441   Thumb Code     0  motors.o(MyCode)
    MOVE_RIGHT                               0x08000459   Thumb Code     0  motors.o(MyCode)
    MOVE_LEFT                                0x08000471   Thumb Code     0  motors.o(MyCode)
    MOVE_BACKWARD                            0x08000489   Thumb Code     0  motors.o(MyCode)
    STOP_CAR                                 0x080004a1   Thumb Code     0  motors.o(MyCode)
    delay_1_second                           0x080004b1   Thumb Code     0  motors.o(MyCode)
    DELAY_10SEC                              0x080004c7   Thumb Code     0  motors.o(MyCode)
    TURN_ON_PUMP                             0x080004ed   Thumb Code     0  pump.o(MyCode)
    TURN_OFF_PUMP                            0x08000505   Thumb Code     0  pump.o(MyCode)
    Bluetooth_ReceiveLoop                    0x0800051d   Thumb Code     0  bluetooth module.o(MyCode)
    GPIOA_INIT                               0x080005b5   Thumb Code     0  init.o(MyCode)
    set_pwm                                  0x080007ed   Thumb Code     6  pwm.o(MyCode)
    SET_PWM                                  0x080007f3   Thumb Code    10  pwm.o(MyCode)
    SETUP2                                   0x08000bc9   Thumb Code     0  faces.o(MyCode)
    Angry_face                               0x08001239   Thumb Code     0  faces.o(MyCode)
    Smiley_face                              0x08001423   Thumb Code     0  faces.o(MyCode)
    SETUP3                                   0x08001911   Thumb Code     0  tft_spi.o(MyCode)



==============================================================================

Memory Map of the image

  Image Entry point : 0x080000ed

  Load Region LR_1 (Base: 0x08000000, Size: 0x00001f80, Max: 0xffffffff, ABSOLUTE)

    Execution Region ER_RO (Exec base: 0x08000000, Load base: 0x08000000, Size: 0x00001f80, Max: 0xffffffff, ABSOLUTE)

    Exec Addr    Load Addr    Size         Type   Attr      Idx    E Section Name        Object

    0x08000000   0x08000000   0x000000ec   Data   RO           56    RESET               startup_stm32f10x_md.o
    0x080000ec   0x080000ec   0x00000040   Code   RO           57  * .text               startup_stm32f10x_md.o
    0x0800012c   0x0800012c   0x00000006   Code   RO           80    .text               c_w.l(heapauxi.o)
    0x08000132   0x08000132   0x00000002   PAD
    0x08000134   0x08000134   0x00000008   Code   RO           64    .text.SetSysClock   system_stm32f10x.o
    0x0800013c   0x0800013c   0x00000122   Code   RO           68    .text.SetSysClockTo72  system_stm32f10x.o
    0x0800025e   0x0800025e   0x00000002   PAD
    0x08000260   0x08000260   0x00000066   Code   RO           62    .text.SystemInit    system_stm32f10x.o
    0x080002c6   0x080002c6   0x00000002   PAD
    0x080002c8   0x080002c8   0x00000178   Code   RO            2    MA3LENA             main.o
    0x08000440   0x08000440   0x000000ac   Code   RO            9    MyCode              motors.o
    0x080004ec   0x080004ec   0x00000030   Code   RO           13    MyCode              pump.o
    0x0800051c   0x0800051c   0x00000098   Code   RO           17    MyCode              bluetooth module.o
    0x080005b4   0x080005b4   0x00000238   Code   RO           21    MyCode              init.o
    0x080007ec   0x080007ec   0x0000001c   Code   RO           25    MyCode              pwm.o
    0x08000808   0x08000808   0x00000d48   Code   RO           35    MyCode              faces.o
    0x08001550   0x08001550   0x00000a30   Code   RO           50    MyCode              tft_spi.o


    Execution Region ER_RW (Exec base: 0x20000000, Load base: 0x08001f80, Size: 0x00000000, Max: 0xffffffff, ABSOLUTE)

    **** No section assigned to this execution region ****


    Execution Region ER_ZI (Exec base: 0x20000000, Load base: 0x08001f80, Size: 0x00000600, Max: 0xffffffff, ABSOLUTE)

    Exec Addr    Load Addr    Size         Type   Attr      Idx    E Section Name        Object

    0x20000000        -       0x00000200   Zero   RW           55    HEAP                startup_stm32f10x_md.o
    0x20000200        -       0x00000400   Zero   RW           54    STACK               startup_stm32f10x_md.o


==============================================================================

Image component sizes


      Code (inc. data)   RO Data    RW Data    ZI Data      Debug   Object Name

       152         12          0          0          0        240   bluetooth module.o
      3400        216          0          0          0       1736   faces.o
       568         96          0          0          0        328   init.o
       376         18          0          0          0        416   main.o
       172         12          0          0          0        220   motors.o
        48          8          0          0          0        176   pump.o
        28         12          0          0          0        292   pwm.o
        64         26        236          0       1536        768   startup_stm32f10x_md.o
       400          0          0          0          0       2955   system_stm32f10x.o
      2608        212          0          0          0       1512   tft_spi.o

    ----------------------------------------------------------------------
      7820        612        236          0       1536       8643   Object Totals
         0          0          0          0          0          0   (incl. Generated)
         4          0          0          0          0          0   (incl. Padding)

    ----------------------------------------------------------------------

      Code (inc. data)   RO Data    RW Data    ZI Data      Debug   Library Member Name

         6          0          0          0          0        152   heapauxi.o

    ----------------------------------------------------------------------
         8          0          0          0          0        152   Library Totals
         2          0          0          0          0          0   (incl. Padding)

    ----------------------------------------------------------------------

      Code (inc. data)   RO Data    RW Data    ZI Data      Debug   Library Name

         6          0          0          0          0        152   c_w.l

    ----------------------------------------------------------------------
         8          0          0          0          0        152   Library Totals

    ----------------------------------------------------------------------

==============================================================================


      Code (inc. data)   RO Data    RW Data    ZI Data      Debug   

      7828        612        236          0       1536       8587   Grand Totals
      7828        612        236          0       1536       8587   ELF Image Totals
      7828        612        236          0          0          0   ROM Totals

==============================================================================

    Total RO  Size (Code + RO Data)                 8064 (   7.88kB)
    Total RW  Size (RW Data + ZI Data)              1536 (   1.50kB)
    Total ROM Size (Code + RO Data + RW Data)       8064 (   7.88kB)

==============================================================================

